Testing PhonePe Webhook at: http://localhost:5175/api/bookings/webhook/phonepe
Using credentials: waterpark : ****
Generated Auth Header: c3f60fadb136faa38091f02a015e81de598a1e1ac3fa85fcd98b557be26bef7b
node : 
At line:1 char:1
+ node test-phonepe-webhook.js > test_output.txt 2>&1
+ ~~~~~~~~~~~~~~~~~~~~~~~~~~~~~~~~~~~~~~~~~~~~~~~~~~~
    + CategoryInfo          : NotSpecified: (:String) [ 
   ], RemoteException
    + FullyQualifiedErrorId : NativeCommandError
 
Γ¥î Webhook Request Failed
Status: 404
Data: { success: false, message: 'Booking not found' }
